>>> add_integer = __import__('0-add_integer').add_integer
>>> add_integer(6, 9)
15
>>> add_integer(6.0, 9)
15.0
>>> add_integer(6, -9)
-3
>>> add_integer(-69)
29
>>> add_integer()
Traceback (most recent call last):
...
TypeError: add_integer() missing 1 required positional argument: 'a'
>>> add_integer(True)
Traceback (most recent call last):
...
TypeError: a must be an integer
>>> add_integer(None)
Traceback (most recent call last):
...
TypeError: a must be an integer
>>> add_integer(6.9, None)
Traceback (most recent call last):
...
TypeError: b must be an integer
>>> add_integer('butter')
Traceback (most recent call last):
...
TypeError: a must be an integer
>>> add_integer(4.20, 'dog')
Traceback (most recent call last):
...
TypeError: b must be an integer
>>> add_integer(float("inf"))
Traceback (most recent call last):
...
OverflowError: cannot convert float infinity to integer
>>> add_integer(9.6, float("-int"))
Traceback (most recent call last):
...
OverflowError: cannot convert float infinity to integer
>>> add_integer(float("NaN"))
Traceback (most recent call last):
...
ValueError: cannot convert float NaN to integer
>>> add_integer(6.9, float("NaN"))
Traceback (most recent call last):
...
ValueError: cannot convert float NaN to integer
